[intelogin.wordpress.com/index.html]
[backblue.gif]
[fade.gif]
[index.html]
[s2.wp.com/wp-content/mu-plugins/global-print/global-printa1cf.css]
[intelogin.wordpress.com/feed/index.html]
[intelogin.wordpress.com/comments/feed/index.html]
[intelogin.wordpress.com/xmlrpc0db0.php]
[s2.wp.com/i/webclip.png]
[intelogin.wordpress.com/osd.xml]
[defaultcustomheadersdata.files.wordpress.com/2016/07/blur5242.jpg]
[intelogin.wordpress.com/about-us-2/index.html]
[intelogin.wordpress.com/services/index.html]
[intelogin.wordpress.com/contact/index.html]
[intelogin.files.wordpress.com/2018/12/logo-il-e15466843451399d78.png]
[intelogin.files.wordpress.com/2018/12/pexels-photo-57690d9dd.jpg]
[intelogin.files.wordpress.com/2018/12/person-smartphone-office-table10d2.jpg]
[lodestardemo.files.wordpress.com/2016/06/desk-ruler-designer-chair.jpg]
[0.gravatar.com/js/gprofiles9e64.js]
[s1.wp.com/wp-content/mu-plugins/gravatar-hovercards/wpgrohoc3b6.js]
[s1.wp.com/wp-content/mu-plugins/grunion-contact-form/css/grunion9128.css]
[stats.wp.com/w9f61.js]
[intelogin.wordpress.com/wp-content/plugins/ie-sitemode/custom-jumplist.php]
[pixel.wp.com/b0b80.gif]
[intelogin.wordpress.com/index.html]
[intelogin.wordpress.com/xmlrpc.php]
[s2.wp.com/wp-content/mu-plugins/global-print/global-printa1cf.css]
[intelogin.wordpress.com/about-us-2/index.html]
[intelogin.wordpress.com/services/index.html]
[intelogin.wordpress.com/contact/index.html]
[intelogin.wordpress.com/about-us-2/index9a7b.html]
[intelogin.wordpress.com/about-us-2/index5a58.html]
[intelogin.wordpress.com/about-us-2/index386f.html]
[pixel.wp.com/g9818.gif]
[0.gravatar.com/js/gprofiles9e64.js]
[s1.wp.com/wp-content/mu-plugins/gravatar-hovercards/wpgrohoc3b6.js]
[s1.wp.com/wp-content/mu-plugins/grunion-contact-form/css/grunion9128.css]
[intelogin.wordpress.com/ABCDEFGHIJKLMNOPQRSTUVWXYZabcdefghijklmnopqrstuvwxyz0123456789+/index.html]
[intelogin.wordpress.com/g.11.delayed]
[intelogin.wordpress.com/c.gif]
[pixel.wp.com/t.gif]
[stats.wp.com/w9f61.js]
[intelogin.wordpress.com/services/index9a7b.html]
[intelogin.wordpress.com/services/index5a58.html]
[intelogin.wordpress.com/services/index386f.html]
[intelogin.wordpress.com/ABCDEFGHIJKLMNOPQRSTUVWXYZabcdefghijklmnopqrstuvwxyz0123456789+/index.html]
[intelogin.wordpress.com/g.html]
[intelogin.wordpress.com/c.html]
